// Jest Snapshot v1, https://goo.gl/fbAQLP

exports[`renders root App component without crashing 1`] = `
<div
  className="app"
>
  New React App
</div>
`;
